{"frontendTime":"2026-05-12T09:32:26.201Z","level":"info","message":"[FE] hello","timestamp":"2026-05-12 15:02:26"}
{"frontendTime":"2026-05-12T09:32:26.308Z","level":"info","message":"[FE] hello","timestamp":"2026-05-12 15:02:26"}
{"frontendTime":"2026-05-12T09:32:37.043Z","level":"info","message":"[FE] hello","timestamp":"2026-05-12 15:02:37"}
{"frontendTime":"2026-05-12T09:32:37.118Z","level":"info","message":"[FE] hello","timestamp":"2026-05-12 15:02:37"}
{"frontendTime":"2026-05-12T09:33:31.192Z","level":"info","message":"[FE] hello","timestamp":"2026-05-12 15:03:31"}
{"frontendTime":"2026-05-12T09:33:31.280Z","level":"info","message":"[FE] hello","timestamp":"2026-05-12 15:03:31"}
{"frontendTime":"2026-05-12T09:51:14.638Z","level":"info","message":"[FE] getting error in data Dashboar : AxiosError: Network Error","timestamp":"2026-05-12 15:21:15"}
{"frontendMeta":{"counts":{"duplicates":2,"expired":0,"expiringSoon":0,"failed":0,"riskLevel":"Low","totalAssets":7},"percentages":{"duplicatePercentage":"28.57%","failedPercentage":"0.00%"}},"frontendTime":"2026-05-12T09:51:15.819Z","level":"info","message":"[FE] data","timestamp":"2026-05-12 15:21:15"}
{"frontendMeta":{"counts":{"duplicates":2,"expired":0,"expiringSoon":0,"failed":0,"riskLevel":"Low","totalAssets":7},"percentages":{"duplicatePercentage":"28.57%","failedPercentage":"0.00%"}},"frontendTime":"2026-05-12T09:51:15.820Z","level":"info","message":"[FE] data","timestamp":"2026-05-12 15:21:15"}
{"frontendMeta":{"counts":{"duplicates":2,"expired":0,"expiringSoon":0,"failed":0,"riskLevel":"Low","totalAssets":7},"percentages":{"duplicatePercentage":"28.57%","failedPercentage":"0.00%"}},"frontendTime":"2026-05-12T09:51:20.026Z","level":"info","message":"[FE] data","timestamp":"2026-05-12 15:21:20"}
{"frontendMeta":{"counts":{"duplicates":2,"expired":0,"expiringSoon":0,"failed":0,"riskLevel":"Low","totalAssets":7},"percentages":{"duplicatePercentage":"28.57%","failedPercentage":"0.00%"}},"frontendTime":"2026-05-12T09:51:20.061Z","level":"info","message":"[FE] data","timestamp":"2026-05-12 15:21:20"}
{"frontendMeta":"helo","frontendTime":"2026-05-12T09:51:36.175Z","level":"info","message":"[FE] data","timestamp":"2026-05-12 15:21:36"}
{"frontendMeta":"helo","frontendTime":"2026-05-12T09:51:36.185Z","level":"info","message":"[FE] data","timestamp":"2026-05-12 15:21:36"}
{"frontendMeta":"helo","frontendTime":"2026-05-12T09:51:36.323Z","level":"info","message":"[FE] data","timestamp":"2026-05-12 15:21:36"}
{"frontendMeta":"helo","frontendTime":"2026-05-12T09:51:36.330Z","level":"info","message":"[FE] data","timestamp":"2026-05-12 15:21:36"}
{"frontendMeta":{"counts":{"duplicates":2,"expired":0,"expiringSoon":0,"failed":0,"riskLevel":"Low","totalAssets":7},"percentages":{"duplicatePercentage":"28.57%","failedPercentage":"0.00%"}},"frontendTime":"2026-05-12T09:51:36.426Z","level":"info","message":"[FE] data","timestamp":"2026-05-12 15:21:36"}
{"frontendMeta":{"counts":{"duplicates":2,"expired":0,"expiringSoon":0,"failed":0,"riskLevel":"Low","totalAssets":7},"percentages":{"duplicatePercentage":"28.57%","failedPercentage":"0.00%"}},"frontendTime":"2026-05-12T09:51:36.431Z","level":"info","message":"[FE] data","timestamp":"2026-05-12 15:21:36"}
{"frontendMeta":"helo","frontendTime":"2026-05-12T09:51:36.434Z","level":"info","message":"[FE] data","timestamp":"2026-05-12 15:21:36"}
{"frontendMeta":"helo","frontendTime":"2026-05-12T09:51:36.443Z","level":"info","message":"[FE] data","timestamp":"2026-05-12 15:21:36"}
{"frontendMeta":"helo","frontendTime":"2026-05-12T09:51:38.202Z","level":"info","message":"[FE] data","timestamp":"2026-05-12 15:21:38"}
{"frontendMeta":"helo","frontendTime":"2026-05-12T09:51:38.211Z","level":"info","message":"[FE] data","timestamp":"2026-05-12 15:21:38"}
{"frontendMeta":"helo","frontendTime":"2026-05-12T09:51:38.409Z","level":"info","message":"[FE] data","timestamp":"2026-05-12 15:21:38"}
{"frontendMeta":"helo","frontendTime":"2026-05-12T09:51:38.413Z","level":"info","message":"[FE] data","timestamp":"2026-05-12 15:21:38"}
{"frontendMeta":{"counts":{"duplicates":2,"expired":0,"expiringSoon":0,"failed":0,"riskLevel":"Low","totalAssets":7},"percentages":{"duplicatePercentage":"28.57%","failedPercentage":"0.00%"}},"frontendTime":"2026-05-12T09:51:38.450Z","level":"info","message":"[FE] data","timestamp":"2026-05-12 15:21:38"}
{"frontendMeta":{"counts":{"duplicates":2,"expired":0,"expiringSoon":0,"failed":0,"riskLevel":"Low","totalAssets":7},"percentages":{"duplicatePercentage":"28.57%","failedPercentage":"0.00%"}},"frontendTime":"2026-05-12T09:51:38.453Z","level":"info","message":"[FE] data","timestamp":"2026-05-12 15:21:38"}
{"frontendMeta":"helo","frontendTime":"2026-05-12T09:51:38.456Z","level":"info","message":"[FE] data","timestamp":"2026-05-12 15:21:38"}
{"frontendMeta":"helo","frontendTime":"2026-05-12T09:51:38.460Z","level":"info","message":"[FE] data","timestamp":"2026-05-12 15:21:38"}
{"frontendMeta":"helo","frontendTime":"2026-05-12T09:51:59.152Z","level":"info","message":"[FE] data","timestamp":"2026-05-12 15:21:59"}
{"frontendMeta":"helo","frontendTime":"2026-05-12T09:51:59.158Z","level":"info","message":"[FE] data","timestamp":"2026-05-12 15:21:59"}
{"frontendMeta":"helo","frontendTime":"2026-05-12T09:52:12.153Z","level":"info","message":"[FE] data","timestamp":"2026-05-12 15:22:12"}
{"frontendMeta":"helo","frontendTime":"2026-05-12T09:52:12.165Z","level":"info","message":"[FE] data","timestamp":"2026-05-12 15:22:12"}
{"frontendMeta":"hello","frontendTime":"2026-05-12T09:52:16.148Z","level":"info","message":"[FE] data","timestamp":"2026-05-12 15:22:16"}
{"frontendMeta":"hello","frontendTime":"2026-05-12T09:52:16.160Z","level":"info","message":"[FE] data","timestamp":"2026-05-12 15:22:16"}
{"frontendMeta":"hello","frontendTime":"2026-05-12T09:52:17.936Z","level":"info","message":"[FE] data","timestamp":"2026-05-12 15:22:17"}
{"frontendMeta":"hello","frontendTime":"2026-05-12T09:52:17.941Z","level":"info","message":"[FE] data","timestamp":"2026-05-12 15:22:17"}
{"frontendMeta":"hello","frontendTime":"2026-05-12T09:52:18.166Z","level":"info","message":"[FE] data","timestamp":"2026-05-12 15:22:18"}
{"frontendMeta":"hello","frontendTime":"2026-05-12T09:52:18.171Z","level":"info","message":"[FE] data","timestamp":"2026-05-12 15:22:18"}
{"frontendMeta":{"counts":{"duplicates":2,"expired":0,"expiringSoon":0,"failed":0,"riskLevel":"Low","totalAssets":7},"percentages":{"duplicatePercentage":"28.57%","failedPercentage":"0.00%"}},"frontendTime":"2026-05-12T09:52:18.217Z","level":"info","message":"[FE] data","timestamp":"2026-05-12 15:22:18"}
{"frontendMeta":{"counts":{"duplicates":2,"expired":0,"expiringSoon":0,"failed":0,"riskLevel":"Low","totalAssets":7},"percentages":{"duplicatePercentage":"28.57%","failedPercentage":"0.00%"}},"frontendTime":"2026-05-12T09:52:18.224Z","level":"info","message":"[FE] data","timestamp":"2026-05-12 15:22:18"}
{"frontendMeta":"hello","frontendTime":"2026-05-12T09:52:18.228Z","level":"info","message":"[FE] data","timestamp":"2026-05-12 15:22:18"}
{"frontendMeta":"hello","frontendTime":"2026-05-12T09:52:18.232Z","level":"info","message":"[FE] data","timestamp":"2026-05-12 15:22:18"}
{"frontendMeta":"hello","frontendTime":"2026-05-12T09:52:50.165Z","level":"info","message":"[FE] data-1","timestamp":"2026-05-12 15:22:50"}
{"frontendMeta":"hello","frontendTime":"2026-05-12T09:52:50.173Z","level":"info","message":"[FE] data-1","timestamp":"2026-05-12 15:22:50"}
{"frontendMeta":{"count":[3,4],"date":["2026-05-11","2026-05-12"]},"frontendTime":"2026-05-12T09:53:51.043Z","level":"error","message":"[FE] erroe","timestamp":"2026-05-12 15:23:51"}
{"frontendMeta":{"counts":{"duplicates":2,"expired":0,"expiringSoon":0,"failed":0,"riskLevel":"Low","totalAssets":7},"percentages":{"duplicatePercentage":"28.57%","failedPercentage":"0.00%"}},"frontendTime":"2026-05-12T09:53:51.047Z","level":"info","message":"[FE] data","timestamp":"2026-05-12 15:23:51"}
{"frontendMeta":{"count":[3,4],"date":["2026-05-11","2026-05-12"]},"frontendTime":"2026-05-12T09:53:51.114Z","level":"error","message":"[FE] erroe","timestamp":"2026-05-12 15:23:51"}
{"frontendMeta":{"counts":{"duplicates":2,"expired":0,"expiringSoon":0,"failed":0,"riskLevel":"Low","totalAssets":7},"percentages":{"duplicatePercentage":"28.57%","failedPercentage":"0.00%"}},"frontendTime":"2026-05-12T09:53:51.116Z","level":"info","message":"[FE] data","timestamp":"2026-05-12 15:23:51"}
{"frontendMeta":{"config":{"adapter":["xhr","http","fetch"],"allowAbsoluteUrls":true,"baseURL":"http://localhost:4001","env":{},"headers":{"Accept":"application/json, text/plain, */*","Authorization":"Bearer eyJhbGciOiJIUzI1NiIsInR5cCI6IkpXVCJ9.eyJ1c2VyRW1haWwiOiJwdWJsaWNAZ21haWwuY29tIiwiaWF0IjoxNzc4NTc4NjY2LCJleHAiOjE3Nzg2NjUwNjZ9.1_tOMi6Xbii69-PLYfa8yO9shyD6OWSQ3H4CJCE8TSA","Content-Type":"application/json"},"maxBodyLength":-1,"maxContentLength":-1,"method":"get","timeout":0,"transformRequest":[null],"transformResponse":[null],"transitional":{"clarifyTimeoutError":false,"forcedJSONParsing":true,"legacyInterceptorReqResOrdering":true,"silentJSONParsing":true},"url":"/public/dashboardChart/stats","withCredentials":true,"xsrfCookieName":"XSRF-TOKEN","xsrfHeaderName":"X-XSRF-TOKEN"},"data":{"count":[3,4],"date":["2026-05-11","2026-05-12"]},"headers":{"content-length":"50","content-type":"application/json; charset=utf-8"},"request":{},"status":200,"statusText":"OK"},"frontendTime":"2026-05-12T09:54:06.567Z","level":"error","message":"[FE] erroe","timestamp":"2026-05-12 15:24:06"}
{"frontendMeta":{"counts":{"duplicates":2,"expired":0,"expiringSoon":0,"failed":0,"riskLevel":"Low","totalAssets":7},"percentages":{"duplicatePercentage":"28.57%","failedPercentage":"0.00%"}},"frontendTime":"2026-05-12T09:54:06.618Z","level":"info","message":"[FE] data","timestamp":"2026-05-12 15:24:06"}
{"frontendMeta":{"config":{"adapter":["xhr","http","fetch"],"allowAbsoluteUrls":true,"baseURL":"http://localhost:4001","env":{},"headers":{"Accept":"application/json, text/plain, */*","Authorization":"Bearer eyJhbGciOiJIUzI1NiIsInR5cCI6IkpXVCJ9.eyJ1c2VyRW1haWwiOiJwdWJsaWNAZ21haWwuY29tIiwiaWF0IjoxNzc4NTc4NjY2LCJleHAiOjE3Nzg2NjUwNjZ9.1_tOMi6Xbii69-PLYfa8yO9shyD6OWSQ3H4CJCE8TSA","Content-Type":"application/json"},"maxBodyLength":-1,"maxContentLength":-1,"method":"get","timeout":0,"transformRequest":[null],"transformResponse":[null],"transitional":{"clarifyTimeoutError":false,"forcedJSONParsing":true,"legacyInterceptorReqResOrdering":true,"silentJSONParsing":true},"url":"/public/dashboardChart/stats","withCredentials":true,"xsrfCookieName":"XSRF-TOKEN","xsrfHeaderName":"X-XSRF-TOKEN"},"data":{"count":[3,4],"date":["2026-05-11","2026-05-12"]},"headers":{"content-length":"50","content-type":"application/json; charset=utf-8"},"request":{},"status":200,"statusText":"OK"},"frontendTime":"2026-05-12T09:54:06.623Z","level":"error","message":"[FE] erroe","timestamp":"2026-05-12 15:24:06"}
{"frontendMeta":{"counts":{"duplicates":2,"expired":0,"expiringSoon":0,"failed":0,"riskLevel":"Low","totalAssets":7},"percentages":{"duplicatePercentage":"28.57%","failedPercentage":"0.00%"}},"frontendTime":"2026-05-12T09:54:06.626Z","level":"info","message":"[FE] data","timestamp":"2026-05-12 15:24:06"}
{"frontendMeta":{"config":{"adapter":["xhr","http","fetch"],"allowAbsoluteUrls":true,"baseURL":"http://localhost:4001","env":{},"headers":{"Accept":"application/json, text/plain, */*","Authorization":"Bearer eyJhbGciOiJIUzI1NiIsInR5cCI6IkpXVCJ9.eyJ1c2VyRW1haWwiOiJwdWJsaWNAZ21haWwuY29tIiwiaWF0IjoxNzc4NTc4NjY2LCJleHAiOjE3Nzg2NjUwNjZ9.1_tOMi6Xbii69-PLYfa8yO9shyD6OWSQ3H4CJCE8TSA","Content-Type":"application/json"},"maxBodyLength":-1,"maxContentLength":-1,"method":"get","timeout":0,"transformRequest":[null],"transformResponse":[null],"transitional":{"clarifyTimeoutError":false,"forcedJSONParsing":true,"legacyInterceptorReqResOrdering":true,"silentJSONParsing":true},"url":"/public/dashboardChart/stats","withCredentials":true,"xsrfCookieName":"XSRF-TOKEN","xsrfHeaderName":"X-XSRF-TOKEN"},"data":{"count":[3,4],"date":["2026-05-11","2026-05-12"]},"headers":{"content-length":"50","content-type":"application/json; charset=utf-8"},"request":{},"status":200,"statusText":"OK"},"frontendTime":"2026-05-12T09:54:17.280Z","level":"error","message":"[FE] error","timestamp":"2026-05-12 15:24:17"}
{"frontendMeta":{"counts":{"duplicates":2,"expired":0,"expiringSoon":0,"failed":0,"riskLevel":"Low","totalAssets":7},"percentages":{"duplicatePercentage":"28.57%","failedPercentage":"0.00%"}},"frontendTime":"2026-05-12T09:54:17.283Z","level":"info","message":"[FE] data","timestamp":"2026-05-12 15:24:17"}
{"frontendMeta":{"config":{"adapter":["xhr","http","fetch"],"allowAbsoluteUrls":true,"baseURL":"http://localhost:4001","env":{},"headers":{"Accept":"application/json, text/plain, */*","Authorization":"Bearer eyJhbGciOiJIUzI1NiIsInR5cCI6IkpXVCJ9.eyJ1c2VyRW1haWwiOiJwdWJsaWNAZ21haWwuY29tIiwiaWF0IjoxNzc4NTc4NjY2LCJleHAiOjE3Nzg2NjUwNjZ9.1_tOMi6Xbii69-PLYfa8yO9shyD6OWSQ3H4CJCE8TSA","Content-Type":"application/json"},"maxBodyLength":-1,"maxContentLength":-1,"method":"get","timeout":0,"transformRequest":[null],"transformResponse":[null],"transitional":{"clarifyTimeoutError":false,"forcedJSONParsing":true,"legacyInterceptorReqResOrdering":true,"silentJSONParsing":true},"url":"/public/dashboardChart/stats","withCredentials":true,"xsrfCookieName":"XSRF-TOKEN","xsrfHeaderName":"X-XSRF-TOKEN"},"data":{"count":[3,4],"date":["2026-05-11","2026-05-12"]},"headers":{"content-length":"50","content-type":"application/json; charset=utf-8"},"request":{},"status":200,"statusText":"OK"},"frontendTime":"2026-05-12T09:54:17.349Z","level":"error","message":"[FE] error","timestamp":"2026-05-12 15:24:17"}
{"frontendMeta":{"counts":{"duplicates":2,"expired":0,"expiringSoon":0,"failed":0,"riskLevel":"Low","totalAssets":7},"percentages":{"duplicatePercentage":"28.57%","failedPercentage":"0.00%"}},"frontendTime":"2026-05-12T09:54:17.352Z","level":"info","message":"[FE] data","timestamp":"2026-05-12 15:24:17"}
{"frontendTime":"2026-05-12T09:55:03.137Z","level":"error","message":"[FE] [object Object]","timestamp":"2026-05-12 15:25:03"}
{"frontendMeta":{"counts":{"duplicates":2,"expired":0,"expiringSoon":0,"failed":0,"riskLevel":"Low","totalAssets":7},"percentages":{"duplicatePercentage":"28.57%","failedPercentage":"0.00%"}},"frontendTime":"2026-05-12T09:55:03.182Z","level":"info","message":"[FE] data","timestamp":"2026-05-12 15:25:03"}
{"frontendTime":"2026-05-12T09:55:03.188Z","level":"error","message":"[FE] [object Object]","timestamp":"2026-05-12 15:25:03"}
{"frontendMeta":{"counts":{"duplicates":2,"expired":0,"expiringSoon":0,"failed":0,"riskLevel":"Low","totalAssets":7},"percentages":{"duplicatePercentage":"28.57%","failedPercentage":"0.00%"}},"frontendTime":"2026-05-12T09:55:03.190Z","level":"info","message":"[FE] data","timestamp":"2026-05-12 15:25:03"}
{"frontendTime":"2026-05-12T09:55:18.494Z","level":"error","message":"[FE] [object Object]","timestamp":"2026-05-12 15:25:18"}
{"frontendTime":"2026-05-12T09:55:18.565Z","level":"error","message":"[FE] [object Object]","timestamp":"2026-05-12 15:25:18"}
{"frontendMeta":{"counts":{"duplicates":2,"expired":0,"expiringSoon":0,"failed":0,"riskLevel":"Low","totalAssets":7},"percentages":{"duplicatePercentage":"28.57%","failedPercentage":"0.00%"}},"frontendTime":"2026-05-12T09:55:18.600Z","level":"info","message":"[FE] data","timestamp":"2026-05-12 15:25:18"}
{"frontendMeta":{"counts":{"duplicates":2,"expired":0,"expiringSoon":0,"failed":0,"riskLevel":"Low","totalAssets":7},"percentages":{"duplicatePercentage":"28.57%","failedPercentage":"0.00%"}},"frontendTime":"2026-05-12T09:55:18.603Z","level":"info","message":"[FE] data","timestamp":"2026-05-12 15:25:18"}
{"frontendTime":"2026-05-12T09:55:49.306Z","level":"error","message":"[FE] undefined","timestamp":"2026-05-12 15:25:49"}
{"frontendMeta":{"counts":{"duplicates":2,"expired":0,"expiringSoon":0,"failed":0,"riskLevel":"Low","totalAssets":7},"percentages":{"duplicatePercentage":"28.57%","failedPercentage":"0.00%"}},"frontendTime":"2026-05-12T09:55:49.318Z","level":"info","message":"[FE] data","timestamp":"2026-05-12 15:25:49"}
{"frontendTime":"2026-05-12T09:55:49.406Z","level":"error","message":"[FE] undefined","timestamp":"2026-05-12 15:25:49"}
{"frontendMeta":{"counts":{"duplicates":2,"expired":0,"expiringSoon":0,"failed":0,"riskLevel":"Low","totalAssets":7},"percentages":{"duplicatePercentage":"28.57%","failedPercentage":"0.00%"}},"frontendTime":"2026-05-12T09:55:49.409Z","level":"info","message":"[FE] data","timestamp":"2026-05-12 15:25:49"}
{"frontendTime":"2026-05-12T09:55:58.069Z","level":"error","message":"[FE] [object Object]","timestamp":"2026-05-12 15:25:58"}
{"frontendMeta":{"counts":{"duplicates":2,"expired":0,"expiringSoon":0,"failed":0,"riskLevel":"Low","totalAssets":7},"percentages":{"duplicatePercentage":"28.57%","failedPercentage":"0.00%"}},"frontendTime":"2026-05-12T09:55:58.135Z","level":"info","message":"[FE] data","timestamp":"2026-05-12 15:25:58"}
{"frontendTime":"2026-05-12T09:55:58.138Z","level":"error","message":"[FE] [object Object]","timestamp":"2026-05-12 15:25:58"}
{"frontendMeta":{"counts":{"duplicates":2,"expired":0,"expiringSoon":0,"failed":0,"riskLevel":"Low","totalAssets":7},"percentages":{"duplicatePercentage":"28.57%","failedPercentage":"0.00%"}},"frontendTime":"2026-05-12T09:55:58.141Z","level":"info","message":"[FE] data","timestamp":"2026-05-12 15:25:58"}
{"frontendMeta":{"counts":{"duplicates":2,"expired":0,"expiringSoon":0,"failed":0,"riskLevel":"Low","totalAssets":7},"percentages":{"duplicatePercentage":"28.57%","failedPercentage":"0.00%"}},"frontendTime":"2026-05-12T10:02:33.109Z","level":"info","message":"[FE] data","timestamp":"2026-05-12 15:32:33"}
{"frontendMeta":{"counts":{"duplicates":2,"expired":0,"expiringSoon":0,"failed":0,"riskLevel":"Low","totalAssets":7},"percentages":{"duplicatePercentage":"28.57%","failedPercentage":"0.00%"}},"frontendTime":"2026-05-12T10:02:33.154Z","level":"info","message":"[FE] data","timestamp":"2026-05-12 15:32:33"}
{"frontendTime":"2026-05-12T10:05:33.900Z","level":"info","message":"[FE] data","timestamp":"2026-05-12 15:35:33"}
{"frontendTime":"2026-05-12T10:05:33.905Z","level":"info","message":"[FE] data","timestamp":"2026-05-12 15:35:34"}
{"frontendMeta":{"counts":{"duplicates":2,"expired":0,"expiringSoon":0,"failed":0,"riskLevel":"Low","totalAssets":7},"percentages":{"duplicatePercentage":"28.57%","failedPercentage":"0.00%"}},"frontendTime":"2026-05-12T10:05:34.153Z","level":"info","message":"[FE] data","timestamp":"2026-05-12 15:35:34"}
{"frontendTime":"2026-05-12T10:05:34.159Z","level":"info","message":"[FE] data","timestamp":"2026-05-12 15:35:34"}
{"frontendTime":"2026-05-12T10:05:34.165Z","level":"info","message":"[FE] data","timestamp":"2026-05-12 15:35:34"}
{"frontendMeta":{"counts":{"duplicates":2,"expired":0,"expiringSoon":0,"failed":0,"riskLevel":"Low","totalAssets":7},"percentages":{"duplicatePercentage":"28.57%","failedPercentage":"0.00%"}},"frontendTime":"2026-05-12T10:05:34.246Z","level":"info","message":"[FE] data","timestamp":"2026-05-12 15:35:34"}
{"frontendTime":"2026-05-12T10:05:34.249Z","level":"info","message":"[FE] data","timestamp":"2026-05-12 15:35:34"}
{"frontendTime":"2026-05-12T10:05:34.256Z","level":"info","message":"[FE] data","timestamp":"2026-05-12 15:35:34"}
{"frontendTime":"2026-05-12T10:05:34.300Z","level":"info","message":"[FE] data","timestamp":"2026-05-12 15:35:34"}
{"frontendTime":"2026-05-12T10:05:34.305Z","level":"info","message":"[FE] data","timestamp":"2026-05-12 15:35:34"}
{"frontendTime":"2026-05-12T10:05:38.074Z","level":"info","message":"[FE] data","timestamp":"2026-05-12 15:35:38"}
{"frontendTime":"2026-05-12T10:05:38.078Z","level":"info","message":"[FE] data","timestamp":"2026-05-12 15:35:38"}
{"frontendTime":"2026-05-12T10:05:38.297Z","level":"info","message":"[FE] data","timestamp":"2026-05-12 15:35:38"}
{"frontendTime":"2026-05-12T10:05:38.301Z","level":"info","message":"[FE] data","timestamp":"2026-05-12 15:35:38"}
{"frontendMeta":{"counts":{"duplicates":2,"expired":0,"expiringSoon":0,"failed":0,"riskLevel":"Low","totalAssets":7},"percentages":{"duplicatePercentage":"28.57%","failedPercentage":"0.00%"}},"frontendTime":"2026-05-12T10:05:38.339Z","level":"info","message":"[FE] data","timestamp":"2026-05-12 15:35:38"}
{"frontendMeta":{"counts":{"duplicates":2,"expired":0,"expiringSoon":0,"failed":0,"riskLevel":"Low","totalAssets":7},"percentages":{"duplicatePercentage":"28.57%","failedPercentage":"0.00%"}},"frontendTime":"2026-05-12T10:05:38.344Z","level":"info","message":"[FE] data","timestamp":"2026-05-12 15:35:38"}
{"frontendTime":"2026-05-12T10:05:38.348Z","level":"info","message":"[FE] data","timestamp":"2026-05-12 15:35:38"}
{"frontendTime":"2026-05-12T10:05:38.353Z","level":"info","message":"[FE] data","timestamp":"2026-05-12 15:35:38"}
{"frontendTime":"2026-05-12T10:05:41.156Z","level":"info","message":"[FE] data","timestamp":"2026-05-12 15:35:41"}
{"frontendTime":"2026-05-12T10:05:41.160Z","level":"info","message":"[FE] data","timestamp":"2026-05-12 15:35:41"}
{"frontendTime":"2026-05-12T10:05:43.878Z","level":"info","message":"[FE] data","timestamp":"2026-05-12 15:35:43"}
{"frontendTime":"2026-05-12T10:05:43.882Z","level":"info","message":"[FE] data","timestamp":"2026-05-12 15:35:43"}
{"frontendTime":"2026-05-12T10:05:44.146Z","level":"info","message":"[FE] data","timestamp":"2026-05-12 15:35:44"}
{"frontendTime":"2026-05-12T10:05:44.149Z","level":"info","message":"[FE] data","timestamp":"2026-05-12 15:35:44"}
{"frontendMeta":{"counts":{"duplicates":2,"expired":0,"expiringSoon":0,"failed":0,"riskLevel":"Low","totalAssets":7},"percentages":{"duplicatePercentage":"28.57%","failedPercentage":"0.00%"}},"frontendTime":"2026-05-12T10:05:44.191Z","level":"info","message":"[FE] data","timestamp":"2026-05-12 15:35:44"}
{"frontendMeta":{"counts":{"duplicates":2,"expired":0,"expiringSoon":0,"failed":0,"riskLevel":"Low","totalAssets":7},"percentages":{"duplicatePercentage":"28.57%","failedPercentage":"0.00%"}},"frontendTime":"2026-05-12T10:05:44.197Z","level":"info","message":"[FE] data","timestamp":"2026-05-12 15:35:44"}
{"frontendTime":"2026-05-12T10:05:44.201Z","level":"info","message":"[FE] data","timestamp":"2026-05-12 15:35:44"}
{"frontendTime":"2026-05-12T10:05:44.207Z","level":"info","message":"[FE] data","timestamp":"2026-05-12 15:35:44"}
{"frontendTime":"2026-05-12T10:06:15.162Z","level":"info","message":"[FE] data","timestamp":"2026-05-12 15:36:15"}
{"frontendTime":"2026-05-12T10:06:15.166Z","level":"info","message":"[FE] data","timestamp":"2026-05-12 15:36:15"}
{"frontendTime":"2026-05-12T10:06:31.760Z","level":"info","message":"[FE] data","timestamp":"2026-05-12 15:36:31"}
{"frontendTime":"2026-05-12T10:06:31.772Z","level":"info","message":"[FE] data","timestamp":"2026-05-12 15:36:31"}
{"frontendTime":"2026-05-12T10:08:21.144Z","level":"info","message":"[FE] data","timestamp":"2026-05-12 15:38:21"}
{"frontendTime":"2026-05-12T10:08:21.156Z","level":"info","message":"[FE] data","timestamp":"2026-05-12 15:38:21"}
{"frontendTime":"2026-05-12T10:13:04.124Z","level":"error","message":"[FE] undefined","timestamp":"2026-05-12 15:43:04"}
{"frontendMeta":{"counts":{"duplicates":2,"expired":0,"expiringSoon":0,"failed":0,"riskLevel":"Low","totalAssets":7},"percentages":{"duplicatePercentage":"28.57%","failedPercentage":"0.00%"}},"frontendTime":"2026-05-12T10:13:04.171Z","level":"info","message":"[FE] data","timestamp":"2026-05-12 15:43:04"}
{"frontendTime":"2026-05-12T10:13:04.174Z","level":"error","message":"[FE] undefined","timestamp":"2026-05-12 15:43:04"}
{"frontendMeta":{"counts":{"duplicates":2,"expired":0,"expiringSoon":0,"failed":0,"riskLevel":"Low","totalAssets":7},"percentages":{"duplicatePercentage":"28.57%","failedPercentage":"0.00%"}},"frontendTime":"2026-05-12T10:13:04.175Z","level":"info","message":"[FE] data","timestamp":"2026-05-12 15:43:04"}
{"frontendTime":"2026-05-12T10:13:10.862Z","level":"error","message":"[FE] [object Object]","timestamp":"2026-05-12 15:43:10"}
{"frontendMeta":{"counts":{"duplicates":2,"expired":0,"expiringSoon":0,"failed":0,"riskLevel":"Low","totalAssets":7},"percentages":{"duplicatePercentage":"28.57%","failedPercentage":"0.00%"}},"frontendTime":"2026-05-12T10:13:10.865Z","level":"info","message":"[FE] data","timestamp":"2026-05-12 15:43:10"}
{"frontendTime":"2026-05-12T10:13:10.940Z","level":"error","message":"[FE] [object Object]","timestamp":"2026-05-12 15:43:10"}
{"frontendMeta":{"counts":{"duplicates":2,"expired":0,"expiringSoon":0,"failed":0,"riskLevel":"Low","totalAssets":7},"percentages":{"duplicatePercentage":"28.57%","failedPercentage":"0.00%"}},"frontendTime":"2026-05-12T10:13:10.942Z","level":"info","message":"[FE] data","timestamp":"2026-05-12 15:43:10"}
{"frontendTime":"2026-05-12T10:14:54.023Z","level":"error","message":"[FE] [object Object]","timestamp":"2026-05-12 15:44:54"}
{"frontendTime":"2026-05-12T10:14:54.094Z","level":"error","message":"[FE] [object Object]","timestamp":"2026-05-12 15:44:54"}
{"frontendMeta":{"counts":{"duplicates":2,"expired":0,"expiringSoon":0,"failed":0,"riskLevel":"Low","totalAssets":7},"percentages":{"duplicatePercentage":"28.57%","failedPercentage":"0.00%"}},"frontendTime":"2026-05-12T10:14:54.128Z","level":"info","message":"[FE] data","timestamp":"2026-05-12 15:44:54"}
{"frontendMeta":{"counts":{"duplicates":2,"expired":0,"expiringSoon":0,"failed":0,"riskLevel":"Low","totalAssets":7},"percentages":{"duplicatePercentage":"28.57%","failedPercentage":"0.00%"}},"frontendTime":"2026-05-12T10:14:54.132Z","level":"info","message":"[FE] data","timestamp":"2026-05-12 15:44:54"}
{"frontendTime":"2026-05-12T10:25:42.929Z","level":"error","message":"[FE] [object Object]","timestamp":"2026-05-12 15:55:43"}
{"frontendTime":"2026-05-12T10:25:42.981Z","level":"error","message":"[FE] [object Object]","timestamp":"2026-05-12 15:55:43"}
{"frontendMeta":{"counts":{"duplicates":2,"expired":0,"expiringSoon":0,"failed":0,"riskLevel":"Low","totalAssets":7},"percentages":{"duplicatePercentage":"28.57%","failedPercentage":"0.00%"}},"frontendTime":"2026-05-12T10:25:42.983Z","level":"info","message":"[FE] data","timestamp":"2026-05-12 15:55:43"}
{"frontendMeta":{"counts":{"duplicates":2,"expired":0,"expiringSoon":0,"failed":0,"riskLevel":"Low","totalAssets":7},"percentages":{"duplicatePercentage":"28.57%","failedPercentage":"0.00%"}},"frontendTime":"2026-05-12T10:25:43.038Z","level":"info","message":"[FE] data","timestamp":"2026-05-12 15:55:43"}
{"frontendTime":"2026-05-12T10:25:44.830Z","level":"error","message":"[FE] [object Object]","timestamp":"2026-05-12 15:55:44"}
{"frontendMeta":{"counts":{"duplicates":2,"expired":0,"expiringSoon":0,"failed":0,"riskLevel":"Low","totalAssets":7},"percentages":{"duplicatePercentage":"28.57%","failedPercentage":"0.00%"}},"frontendTime":"2026-05-12T10:25:44.872Z","level":"info","message":"[FE] data","timestamp":"2026-05-12 15:55:44"}
{"frontendTime":"2026-05-12T10:25:44.876Z","level":"error","message":"[FE] [object Object]","timestamp":"2026-05-12 15:55:44"}
{"frontendMeta":{"counts":{"duplicates":2,"expired":0,"expiringSoon":0,"failed":0,"riskLevel":"Low","totalAssets":7},"percentages":{"duplicatePercentage":"28.57%","failedPercentage":"0.00%"}},"frontendTime":"2026-05-12T10:25:44.879Z","level":"info","message":"[FE] data","timestamp":"2026-05-12 15:55:44"}
{"frontendTime":"2026-05-12T10:27:40.891Z","level":"error","message":"[FE] [object Object]","timestamp":"2026-05-12 15:57:40"}
{"frontendTime":"2026-05-12T10:27:40.950Z","level":"error","message":"[FE] [object Object]","timestamp":"2026-05-12 15:57:40"}
{"frontendMeta":{"counts":{"duplicates":2,"expired":0,"expiringSoon":0,"failed":0,"riskLevel":"Low","totalAssets":7},"percentages":{"duplicatePercentage":"28.57%","failedPercentage":"0.00%"}},"frontendTime":"2026-05-12T10:27:40.980Z","level":"info","message":"[FE] data","timestamp":"2026-05-12 15:57:40"}
{"frontendMeta":{"counts":{"duplicates":2,"expired":0,"expiringSoon":0,"failed":0,"riskLevel":"Low","totalAssets":7},"percentages":{"duplicatePercentage":"28.57%","failedPercentage":"0.00%"}},"frontendTime":"2026-05-12T10:27:40.982Z","level":"info","message":"[FE] data","timestamp":"2026-05-12 15:57:40"}
{"frontendTime":"2026-05-12T10:27:59.332Z","level":"error","message":"[FE] 3,4","timestamp":"2026-05-12 15:57:59"}
{"frontendMeta":{"counts":{"duplicates":2,"expired":0,"expiringSoon":0,"failed":0,"riskLevel":"Low","totalAssets":7},"percentages":{"duplicatePercentage":"28.57%","failedPercentage":"0.00%"}},"frontendTime":"2026-05-12T10:27:59.371Z","level":"info","message":"[FE] data","timestamp":"2026-05-12 15:57:59"}
{"frontendTime":"2026-05-12T10:27:59.377Z","level":"error","message":"[FE] 3,4","timestamp":"2026-05-12 15:57:59"}
{"frontendMeta":{"counts":{"duplicates":2,"expired":0,"expiringSoon":0,"failed":0,"riskLevel":"Low","totalAssets":7},"percentages":{"duplicatePercentage":"28.57%","failedPercentage":"0.00%"}},"frontendTime":"2026-05-12T10:27:59.379Z","level":"info","message":"[FE] data","timestamp":"2026-05-12 15:57:59"}
{"frontendTime":"2026-05-12T10:28:11.439Z","level":"error","message":"[FE] undefined","timestamp":"2026-05-12 15:58:11"}
{"frontendMeta":{"counts":{"duplicates":2,"expired":0,"expiringSoon":0,"failed":0,"riskLevel":"Low","totalAssets":7},"percentages":{"duplicatePercentage":"28.57%","failedPercentage":"0.00%"}},"frontendTime":"2026-05-12T10:28:11.484Z","level":"info","message":"[FE] data","timestamp":"2026-05-12 15:58:11"}
{"frontendTime":"2026-05-12T10:28:11.489Z","level":"error","message":"[FE] undefined","timestamp":"2026-05-12 15:58:11"}
{"frontendMeta":{"counts":{"duplicates":2,"expired":0,"expiringSoon":0,"failed":0,"riskLevel":"Low","totalAssets":7},"percentages":{"duplicatePercentage":"28.57%","failedPercentage":"0.00%"}},"frontendTime":"2026-05-12T10:28:11.491Z","level":"info","message":"[FE] data","timestamp":"2026-05-12 15:58:11"}
{"frontendTime":"2026-05-12T10:28:19.357Z","level":"error","message":"[FE] undefined","timestamp":"2026-05-12 15:58:19"}
{"frontendMeta":{"counts":{"duplicates":2,"expired":0,"expiringSoon":0,"failed":0,"riskLevel":"Low","totalAssets":7},"percentages":{"duplicatePercentage":"28.57%","failedPercentage":"0.00%"}},"frontendTime":"2026-05-12T10:28:19.422Z","level":"info","message":"[FE] data","timestamp":"2026-05-12 15:58:19"}
{"frontendTime":"2026-05-12T10:28:19.429Z","level":"error","message":"[FE] undefined","timestamp":"2026-05-12 15:58:19"}
{"frontendMeta":{"counts":{"duplicates":2,"expired":0,"expiringSoon":0,"failed":0,"riskLevel":"Low","totalAssets":7},"percentages":{"duplicatePercentage":"28.57%","failedPercentage":"0.00%"}},"frontendTime":"2026-05-12T10:28:19.432Z","level":"info","message":"[FE] data","timestamp":"2026-05-12 15:58:19"}
{"frontendTime":"2026-05-12T10:28:28.312Z","level":"error","message":"[FE] undefined","timestamp":"2026-05-12 15:58:28"}
{"frontendMeta":{"counts":{"duplicates":2,"expired":0,"expiringSoon":0,"failed":0,"riskLevel":"Low","totalAssets":7},"percentages":{"duplicatePercentage":"28.57%","failedPercentage":"0.00%"}},"frontendTime":"2026-05-12T10:28:28.353Z","level":"info","message":"[FE] data","timestamp":"2026-05-12 15:58:28"}
{"frontendTime":"2026-05-12T10:28:28.359Z","level":"error","message":"[FE] undefined","timestamp":"2026-05-12 15:58:28"}
{"frontendMeta":{"counts":{"duplicates":2,"expired":0,"expiringSoon":0,"failed":0,"riskLevel":"Low","totalAssets":7},"percentages":{"duplicatePercentage":"28.57%","failedPercentage":"0.00%"}},"frontendTime":"2026-05-12T10:28:28.361Z","level":"info","message":"[FE] data","timestamp":"2026-05-12 15:58:28"}
{"level":"info","message":"db-connected ! ","timestamp":"2026-05-12 15:59:50"}
{"level":"info","message":"db-connected ! ","timestamp":"2026-05-12 15:59:59"}
{"level":"info","message":"db-connected ! ","timestamp":"2026-05-12 16:00:00"}
{"level":"info","message":"db-connected ! ","timestamp":"2026-05-12 16:00:22"}
{"level":"info","message":"workers initiated ! ","timestamp":"2026-05-12 16:00:22"}
{"level":"info","message":"amqp channel attached !","timestamp":"2026-05-12 16:01:41"}
{"level":"info","message":"db-connected ! ","timestamp":"2026-05-12 16:01:41"}
{"level":"info","message":"workers initiated ! ","timestamp":"2026-05-12 16:01:41"}
{"level":"info","message":"amqp channel attached for Asset queue !","timestamp":"2026-05-12 16:03:12"}
{"level":"info","message":"db-connected ! ","timestamp":"2026-05-12 16:03:12"}
{"level":"info","message":"workers initiated ! ","timestamp":"2026-05-12 16:03:12"}
{"level":"info","message":"amqp channel attached for Asset queue !","timestamp":"2026-05-12 16:03:39"}
{"level":"info","message":"db-connected ! ","timestamp":"2026-05-12 16:03:39"}
{"level":"info","message":"workers initiated ! ","timestamp":"2026-05-12 16:03:39"}
{"level":"info","message":"amqp channel attached for Asset queue !","timestamp":"2026-05-12 16:03:47"}
{"level":"info","message":"db-connected ! ","timestamp":"2026-05-12 16:03:47"}
{"level":"info","message":"workers initiated ! ","timestamp":"2026-05-12 16:03:47"}
{"level":"info","message":"amqp channel attached for Asset queue !","timestamp":"2026-05-12 16:04:00"}
{"level":"info","message":"db-connected ! ","timestamp":"2026-05-12 16:04:00"}
{"level":"info","message":"workers initiated ! ","timestamp":"2026-05-12 16:04:00"}
{"level":"info","message":"db-connected ! ","timestamp":"2026-05-12 16:05:01"}
{"level":"info","message":"workers initiated ! ","timestamp":"2026-05-12 16:05:01"}
{"level":"info","message":"db-connected ! ","timestamp":"2026-05-12 16:05:38"}
{"level":"info","message":"workers initiated ! ","timestamp":"2026-05-12 16:05:38"}
{"level":"info","message":"db-connected ! ","timestamp":"2026-05-12 16:05:49"}
{"level":"info","message":"workers initiated ! ","timestamp":"2026-05-12 16:05:49"}
{"level":"info","message":"[Queue Success] Task sent for Asset  :","timestamp":"2026-05-12 16:06:00"}
{"content":{"data":[123,34,97,115,115,101,116,73,100,34,58,34,54,97,48,51,48,50,57,48,52,53,101,53,51,53,56,102,54,57,99,57,56,99,102,53,34,44,34,102,105,108,101,80,97,116,104,34,58,34,68,58,92,92,77,69,82,78,92,92,68,105,103,105,116,97,108,45,65,115,115,101,116,45,77,97,110,97,103,101,109,101,110,116,92,92,66,97,99,107,101,110,100,92,92,115,116,111,114,97,103,101,92,92,117,112,108,111,97,100,115,92,92,99,104,117,110,107,73,68,45,49,55,55,56,53,56,50,49,54,48,53,50,53,45,51,97,52,108,112,116,113,46,112,110,103,34,44,34,102,105,108,101,84,121,112,101,34,58,34,105,109,97,103,101,34,125],"type":"Buffer"},"fields":{"consumerTag":"amq.ctag-7XiaC12QQjwKf7RhL3lCbg","deliveryTag":1,"exchange":"","redelivered":false,"routingKey":"asset_upload_processing"},"level":"info","message":"[QUEUE PROCESS ]: Asset queue !","properties":{"deliveryMode":2,"headers":{}},"timestamp":"2026-05-12 16:06:00"}
